[0m

[0m
[36m≡ƒº¬≡ƒº¬≡ƒº¬≡ƒº¬≡ƒº¬≡ƒº¬≡ƒº¬≡ƒº¬≡ƒº¬≡ƒº¬≡ƒº¬≡ƒº¬≡ƒº¬≡ƒº¬≡ƒº¬≡ƒº¬≡ƒº¬≡ƒº¬≡ƒº¬≡ƒº¬≡ƒº¬≡ƒº¬≡ƒº¬≡ƒº¬≡ƒº¬≡ƒº¬≡ƒº¬≡ƒº¬≡ƒº¬≡ƒº¬≡ƒº¬≡ƒº¬≡ƒº¬≡ƒº¬≡ƒº¬≡ƒº¬≡ƒº¬≡ƒº¬≡ƒº¬≡ƒº¬[0m
[36m  BACKEND VERIFICATION - Day-Based Appointment System[0m
[36m≡ƒº¬≡ƒº¬≡ƒº¬≡ƒº¬≡ƒº¬≡ƒº¬≡ƒº¬≡ƒº¬≡ƒº¬≡ƒº¬≡ƒº¬≡ƒº¬≡ƒº¬≡ƒº¬≡ƒº¬≡ƒº¬≡ƒº¬≡ƒº¬≡ƒº¬≡ƒº¬≡ƒº¬≡ƒº¬≡ƒº¬≡ƒº¬≡ƒº¬≡ƒº¬≡ƒº¬≡ƒº¬≡ƒº¬≡ƒº¬≡ƒº¬≡ƒº¬≡ƒº¬≡ƒº¬≡ƒº¬≡ƒº¬≡ƒº¬≡ƒº¬≡ƒº¬≡ƒº¬[0m
[36m
================================================================================[0m
[36m  SETUP: Creating Test Data[0m
[36m================================================================================[0m
[32mΓ£à Connected to MongoDB[0m
[32mΓ£à Created test patient: 698ce4a4b44c20e7b10aedf3[0m
[32mΓ£à Created test doctor: 698ce4a4b44c20e7b10aedf5[0m
[32mΓ£à Created Monday availability (3 slots)[0m
[32mΓ£à Created Tuesday availability (10 slots)[0m
[34m
≡ƒôï Test Data Summary:[0m
[0m   Patient ID: 698ce4a4b44c20e7b10aedf3[0m
[0m   Doctor ID: 698ce4a4b44c20e7b10aedf5[0m
[0m   Doctor Name: Dr. Test Doctor[0m
[0m   Specialization: Cardiology[0m
[0m   Monday Slots: 0-2 (total: 3)[0m
[0m   Tuesday Slots: 0-9 (total: 10)[0m
[36m
================================================================================[0m
[36m  TEST 1: Create Appointment (day/slotIndex)[0m
[36m================================================================================[0m
[34m
≡ƒôñ Request:[0m
[0m{
  "doctorId": "698ce4a4b44c20e7b10aedf5",
  "day": "monday",
  "slotIndex": 0,
  "reason": "Test booking - slot 0"
}[0m
[32m
≡ƒôÑ Response:[0m
[0m{
  "_id": "698ce4a4b44c20e7b10aedfb",
  "patientId": "698ce4a4b44c20e7b10aedf3",
  "doctorId": "698ce4a4b44c20e7b10aedf5",
  "day": "monday",
  "slotIndex": 0,
  "reason": "Test booking - slot 0",
  "status": "scheduled"
}[0m
[32mΓ£à PASS: Appointment created with day/slotIndex fields[0m
[32mΓ£à PASS: Old appointment_date/appointment_time fields do NOT exist[0m
[33m
≡ƒôè Slot Status:[0m
[0m   Booked: 1/3[0m
[0m   Available: 2/3[0m
[32mΓ£à PASS: Slot count updated correctly (1 booked)[0m
[32mΓ£à PASS: Appointment ID is MongoDB ObjectId (698ce4a4b44c20e7b10aedfb)[0m
[36m
================================================================================[0m
[36m  TEST 2: Duplicate Booking Prevention[0m
[36m================================================================================[0m
[34m
≡ƒôñ Request (duplicate):[0m
[0m{
  "doctorId": "698ce4a4b44c20e7b10aedf5",
  "day": "monday",
  "slotIndex": 0,
  "reason": "Attempting duplicate booking"
}[0m
[32m
≡ƒôÑ Response:[0m
[0m{
  "error": "Duplicate booking detected",
  "code": 11000,
  "errorCode": "SLOT_TAKEN",
  "message": "Slot 0 on monday is already booked"
}[0m
[32mΓ£à PASS: Duplicate booking prevented by compound unique index[0m
[32mΓ£à PASS: MongoDB error code 11000 (duplicate key violation)[0m
[31mΓ¥î FAIL: Compound unique index exists: {doctorId, day, slotIndex, status}[0m
[36m
================================================================================[0m
[36m  TEST 3: Slot Exhaustion (totalSlots = 3)[0m
[36m================================================================================[0m
[34m
≡ƒôñ Booking slot 1...[0m
[31mΓ¥î Test failed: E11000 duplicate key error collection: healthvillage.appointments index: unique_active_appointment_slot dup key: { doctorId: "698ce4a4b44c20e7b10aedf5", appointment_date: null, appointment_time: null, status: "scheduled" }[0m
[36m
================================================================================[0m
[36m  TEST 4: Sunday Hard Block[0m
[36m================================================================================[0m
[34m
≡ƒôñ Request (Sunday booking):[0m
[0m{
  "doctorId": "698ce4a4b44c20e7b10aedf5",
  "day": "sunday",
  "slotIndex": 0,
  "reason": "Attempting Sunday booking"
}[0m
[32m
≡ƒôÑ Response:[0m
[0m{
  "error": "Validation failed",
  "errorCode": "SUNDAY_HOLIDAY",
  "message": "Appointments cannot be booked on Sundays (Hospital Holiday)"
}[0m
[32mΓ£à PASS: Schema-level prevention: Sunday NOT in enum values[0m
[32mΓ£à PASS: Sunday is excluded from day_of_week enum[0m
[34m
≡ƒôï Allowed days: monday, tuesday, wednesday, thursday, friday, saturday[0m
[36m
================================================================================[0m
[36m  TEST 5: Data Integrity Verification[0m
[36m================================================================================[0m
[34m
≡ƒôï Appointment Indexes:[0m
[0m   _id_: [["_id",1]][0m
[0m   patientId_1: [["patientId",1]][0m
[0m   doctorId_1: [["doctorId",1]][0m
[0m   appointment_date_1: [["appointment_date",1]][0m
[0m   status_1: [["status",1]][0m
[0m   patientId_1_appointment_date_-1: [["patientId",1],["appointment_date",-1]][0m
[0m   doctorId_1_appointment_date_-1: [["doctorId",1],["appointment_date",-1]][0m
[0m   doctorId_1_appointment_date_1_appointment_time_1: [["doctorId",1],["appointment_date",1],["appointment_time",1]][0m
[0m   status_1_appointment_date_1: [["status",1],["appointment_date",1]][0m
[0m   unique_active_appointment_slot: [["doctorId",1],["appointment_date",1],["appointment_time",1],["status",1]][0m
[0m   day_1: [["day",1]][0m
[0m   patientId_1_createdAt_-1: [["patientId",1],["createdAt",-1]][0m
[0m   doctorId_1_day_1: [["doctorId",1],["day",1]][0m
[0m   status_1_day_1: [["status",1],["day",1]][0m
[0m   unique_active_day_slot: [["doctorId",1],["day",1],["slotIndex",1],["status",1]][0m
[32mΓ£à PASS: Compound unique index exists for {doctorId, day, slotIndex, status}[0m
[34m
≡ƒôï Appointment Schema (actual document):[0m
[0m{
  "_id": "698ce4a4b44c20e7b10aedfb",
  "patientId": "698ce4a4b44c20e7b10aedf3",
  "doctorId": "698ce4a4b44c20e7b10aedf5",
  "day": "monday",
  "slotIndex": 0,
  "reason": "Test booking - slot 0",
  "status": "scheduled",
  "createdAt": "2026-02-11T20:20:52.496Z",
  "updatedAt": "2026-02-11T20:20:52.496Z",
  "__v": 0
}[0m
[32mΓ£à PASS: Field "day" exists in appointment[0m
[32mΓ£à PASS: Field "slotIndex" exists in appointment[0m
[32mΓ£à PASS: Legacy field "appointment_date" does NOT exist[0m
[32mΓ£à PASS: Legacy field "appointment_time" does NOT exist[0m
[32mΓ£à PASS: All IDs are MongoDB ObjectId (not UUID)[0m
[34m
≡ƒôï DoctorAvailability Schema:[0m
[0m{
  "_id": "698ce4a4b44c20e7b10aedf7",
  "doctorId": "698ce4a4b44c20e7b10aedf5",
  "day_of_week": "monday",
  "start_time": "09:00",
  "end_time": "12:00",
  "totalSlots": 3,
  "createdAt": "2026-02-11T20:20:52.490Z",
  "updatedAt": "2026-02-11T20:20:52.490Z",
  "__v": 0
}[0m
[32mΓ£à PASS: DoctorAvailability has "totalSlots" field[0m
[32mΓ£à PASS: totalSlots value is valid: 3[0m
[36m
================================================================================[0m
[36m  TEST 6: API Contract Validation[0m
[36m================================================================================[0m
[34m
≡ƒôï CREATE APPOINTMENT RESPONSE:[0m
[0m{
  "success": true,
  "message": "Appointment created successfully",
  "data": {
    "_id": "698ce4a4b44c20e7b10aedfb",
    "patientId": "698ce4a4b44c20e7b10aedf3",
    "doctorId": "698ce4a4b44c20e7b10aedf5",
    "day": "monday",
    "slotIndex": 0,
    "reason": "Test booking - slot 0",
    "status": "scheduled",
    "doctorName": "Dr. Test Doctor",
    "specialization": "Cardiology"
  }
}[0m
[32mΓ£à PASS: Doctor name is enriched in response: Dr. Test Doctor[0m
[32mΓ£à PASS: Specialization is enriched in response[0m
[34m
≡ƒôï SLOTS ENDPOINT RESPONSE:[0m
[0m{
  "success": true,
  "data": {
    "sunday": {
      "status": "holiday",
      "message": "Hospital Closed"
    },
    "monday": {
      "status": "available",
      "slotsAvailable": 2,
      "totalSlots": 3
    },
    "tuesday": {
      "status": "available",
      "slotsAvailable": 10,
      "totalSlots": 10
    }
  }
}[0m
[32mΓ£à PASS: Sunday shows as "holiday" status[0m
[32mΓ£à PASS: Monday shows slot consumption (2/3 available)[0m
[32mΓ£à PASS: Tuesday has available slots (10/10)[0m
[34m
≡ƒôï PATIENT APPOINTMENTS RESPONSE:[0m
[0m{
  "appointments": [
    {
      "_id": "698ce4a4b44c20e7b10aedfb",
      "doctorId": "698ce4a4b44c20e7b10aedf5",
      "doctorName": "Dr. Test Doctor",
      "specialization": "Cardiology",
      "day": "monday",
      "slotIndex": 0,
      "reason": "Test booking - slot 0",
      "status": "scheduled"
    }
  ]
}[0m
[32mΓ£à PASS: Patient appointments include doctorName: Dr. Test Doctor[0m
[32mΓ£à PASS: Patient appointments include specialization[0m
[36m
================================================================================[0m
[36m  CLEANUP: Removing Test Data[0m
[36m================================================================================[0m
[32mΓ£à Deleted test appointments[0m
[32mΓ£à Deleted test availability rules[0m
[32mΓ£à Deleted test users[0m
[32mΓ£à Disconnected from MongoDB[0m
[36m
================================================================================[0m
[36m  FINAL SUMMARY[0m
[36m================================================================================[0m
[34m
≡ƒôè Test Results:[0m
[0m   Total Tests: 6[0m
[33m   Passed: 5[0m
[31m   Failed: 1[0m
[0m   Duration: 0.32s[0m
[31m
Γ¥î SOME TESTS FAILED - DO NOT UPDATE FRONTEND YET[0m
[33m   Fix failing tests before proceeding[0m
[36m
================================================================================[0m
